
> traveller-architect-tool@0.0.0 test
> ng test --no-watch

node.exe : Node.js version v25.4.0 detected.
No linha:1 caractere:1
+ & "C:\nvm4w\nodejs/node.exe" 
"C:\nvm4w\nodejs/node_modules/npm/bin/np ...
+ ~~~~~~~~~~~~~~~~~~~~~~~~~~~~~~~~~~~~~~~~~~~~~~~~~~~~~~~~~~
~~~~~~~~~~~
    + CategoryInfo          : NotSpecified: (Node.js ve    
rsion v25.4.0 detected.:String) [], RemoteException
    + FullyQualifiedErrorId : NativeCommandError
 
Odd numbered Node.js versions will not enter LTS status and 
should not be used for production. For more information, 
please see https://nodejs.org/en/about/previous-releases/.
[33mÔØ»[39m Building...
[32mÔ£ö[39m Building...
Application bundle generation failed. [4.018 seconds] - 2026-02-10T23:42:39.708Z

[1m[33m[33mÔû▓ [43;33m[[43;30mWARNING[43;33m][0m 
[1mDeprecation[0m [1m[35m[plugin angular-sass][0m

    src/app/features/character/components/character-sheet/ch
aracter-sheet.component.scss:1:8:
[37m      1 Ôöé @import 
[32m[37m'../../../../../styles.scss';
        ÔòÁ         [32m^[0m


  Sass @import rules are deprecated and will be removed in 
Dart Sass 3.0.0.
  
  More info and automated migrator: 
[4mhttps://sass-lang.com/d/import[0m


[33mÔû▓ [43;33m[[43;30mWARNING[43;33m][0m 
[1mDeprecation[0m [1m[35m[plugin angular-sass][0m

    src/app/features/character/steps/mustering-out/mustering
-out.component.scss:1:8:
[37m      1 Ôöé @import 
[32m[37m'../../../../../styles.scss';
        ÔòÁ         [32m^[0m


  Sass @import rules are deprecated and will be removed in 
Dart Sass 3.0.0.
  
  More info and automated migrator: 
[4mhttps://sass-lang.com/d/import[0m

[39m[22m
[1m[31m[31mX [41;31m[[41;97mERROR[41;31m][0m 
[1mTS2307: Cannot find module 
'../../../../core/services/character.service' or its 
corresponding type declarations.[0m [1m[35m[plugin 
angular-compiler][0m

    src/app/features/character/character-wizard/character-wi
zard.spec.ts:4:33:
[37m      4 Ôöé ...racterService } from 
[32m'../../../../core/services/character.service'[37m;
        ÔòÁ                         
[32m~~~~~~~~~~~~~~~~~~~~~~~~~~~~~~~~~~~~~~~~~~~~~[0m


[31mX [41;31m[[41;97mERROR[41;31m][0m [1mTS2307: 
Cannot find module '../../../../core/services/dice.service' 
or its corresponding type declarations.[0m 
[1m[35m[plugin angular-compiler][0m

    src/app/features/character/character-wizard/character-wi
zard.spec.ts:5:28:
[37m      5 Ôöé import { DiceService } from 
[32m'../../../../core/services/dice.service'[37m;
        ÔòÁ                             
[32m~~~~~~~~~~~~~~~~~~~~~~~~~~~~~~~~~~~~~~~~[0m


[31mX [41;31m[[41;97mERROR[41;31m][0m [1mCould not 
resolve "../../../../core/services/character.service"[0m

    src/app/features/character/character-wizard/character-wi
zard.spec.ts:3:33:
[37m      3 Ôöé ...racterService } from 
[32m'../../../../core/services/character.service'[37m;
        ÔòÁ                         
[32m~~~~~~~~~~~~~~~~~~~~~~~~~~~~~~~~~~~~~~~~~~~~~[0m


[31mX [41;31m[[41;97mERROR[41;31m][0m [1mCould not 
resolve "../../../../core/services/dice.service"[0m

    src/app/features/character/character-wizard/character-wi
zard.spec.ts:4:28:
[37m      4 Ôöé import { DiceService } from 
[32m'../../../../core/services/dice.service'[37m;
        ÔòÁ                             
[32m~~~~~~~~~~~~~~~~~~~~~~~~~~~~~~~~~~~~~~~~[0m

[39m[22m
