
> traveller-architect-tool@0.0.0 test
> ng test --watch=false

[33mÔØ»[39m Building...
[32mÔ£ö[39m Building...
[1mInitial chunk files[22m                                                      [2m | [22m[1mNames[22m                                                                 [2m | [22m [1mRaw size[22m
[32mspec-app-features-character-character-wizard-character-wizard.js[39m         [2m | [22m[2mspec-app-features-character-character-wizard-character-wizard[22m         [2m | [22m[36m473.11 kB[39m[2m | [22m
[32mchunk-U7WZ6KVL.js[39m                                                        [2m | [22m[2m-[22m                                                                     [2m | [22m[36m194.96 kB[39m[2m | [22m
[32mspec-app-app.js[39m                                                          [2m | [22m[2mspec-app-app[22m                                                          [2m | [22m [36m82.09 kB[39m[2m | [22m
[32mchunk-OHOIE6AF.js[39m                                                        [2m | [22m[2m-[22m                                                                     [2m | [22m [36m80.93 kB[39m[2m | [22m
[32mchunk-VFAA7MJX.js[39m                                                        [2m | [22m[2m-[22m                                                                     [2m | [22m [36m42.09 kB[39m[2m | [22m
[32mchunk-OHDC4SGZ.js[39m                                                        [2m | [22m[2m-[22m                                                                     [2m | [22m [36m22.19 kB[39m[2m | [22m
[32mchunk-MAEZ2E2S.js[39m                                                        [2m | [22m[2m-[22m                                                                     [2m | [22m [36m14.43 kB[39m[2m | [22m
[32mspec-app-data-careers.js[39m                                                 [2m | [22m[2mspec-app-data-careers[22m                                                 [2m | [22m [36m11.91 kB[39m[2m | [22m
[32mspec-app-data-career-rules.js[39m                                            [2m | [22m[2mspec-app-data-career-rules[22m                                            [2m | [22m  [36m7.29 kB[39m[2m | [22m
[32mspec-app-data-life-events.js[39m                                             [2m | [22m[2mspec-app-data-life-events[22m                                             [2m | [22m  [36m7.12 kB[39m[2m | [22m
[32mchunk-H2TJDRQR.js[39m                                                        [2m | [22m[2m-[22m                                                                     [2m | [22m  [36m5.23 kB[39m[2m | [22m
[32mchunk-RSTWSNOR.js[39m                                                        [2m | [22m[2m-[22m                                                                     [2m | [22m  [36m4.75 kB[39m[2m | [22m
[32mspec-app-core-services-skills-logic.js[39m                                   [2m | [22m[2mspec-app-core-services-skills-logic[22m                                   [2m | [22m  [36m3.82 kB[39m[2m | [22m
[32mchunk-EGQGEAPC.js[39m                                                        [2m | [22m[2m-[22m                                                                     [2m | [22m  [36m3.38 kB[39m[2m | [22m
[32mspec-app-features-character-steps-career-life-events-logic.js[39m            [2m | [22m[2mspec-app-features-character-steps-career-life-events-logic[22m            [2m | [22m  [36m3.20 kB[39m[2m | [22m
[32mstyles.css[39m                                                               [2m | [22m[2mstyles[22m                                                                [2m | [22m  [36m2.81 kB[39m[2m | [22m
[32mspec-app-data-career-events.js[39m                                           [2m | [22m[2mspec-app-data-career-events[22m                                           [2m | [22m  [36m2.62 kB[39m[2m | [22m
[32mchunk-J4IVUODG.js[39m                                                        [2m | [22m[2m-[22m                                                                     [2m | [22m  [36m2.32 kB[39m[2m | [22m
[32mspec-app-core-services-npc-system.js[39m                                     [2m | [22m[2mspec-app-core-services-npc-system[22m                                     [2m | [22m  [36m2.10 kB[39m[2m | [22m
[32mspec-app-features-character-components-character-sheet-character-sheet.js[39m[2m | [22m[2mspec-app-features-character-components-character-sheet-character-sheet[22m[2m | [22m  [36m1.99 kB[39m[2m | [22m
[32mspec-app-features-character-steps-mustering-out-mustering-out.js[39m         [2m | [22m[2mspec-app-features-character-steps-mustering-out-mustering-out[22m         [2m | [22m  [36m1.92 kB[39m[2m | [22m
[32mspec-app-features-shared-debug-floater-debug-floater.js[39m                  [2m | [22m[2mspec-app-features-shared-debug-floater-debug-floater[22m                  [2m | [22m  [36m1.87 kB[39m[2m | [22m
[32mspec-app-features-character-steps-education-education.js[39m                 [2m | [22m[2mspec-app-features-character-steps-education-education[22m                 [2m | [22m  [36m1.82 kB[39m[2m | [22m
[32mspec-app-features-shared-dice-roller-dice-roller.js[39m                      [2m | [22m[2mspec-app-features-shared-dice-roller-dice-roller[22m                      [2m | [22m  [36m1.82 kB[39m[2m | [22m
[32mspec-app-features-character-steps-origin-origin.js[39m                       [2m | [22m[2mspec-app-features-character-steps-origin-origin[22m                       [2m | [22m  [36m1.75 kB[39m[2m | [22m
[32mspec-app-features-character-steps-career-career.js[39m                       [2m | [22m[2mspec-app-features-character-steps-career-career[22m                       [2m | [22m  [36m1.75 kB[39m[2m | [22m
[32mchunk-L3U7QMQU.js[39m                                                        [2m | [22m[2m-[22m                                                                     [2m | [22m  [36m1.71 kB[39m[2m | [22m
[32minit-testbed.js[39m                                                          [2m | [22m[2minit-testbed[22m                                                          [2m | [22m  [36m1.21 kB[39m[2m | [22m
[32mchunk-IQU5JXHZ.js[39m                                                        [2m | [22m[2m-[22m                                                                     [2m | [22m  [36m1.04 kB[39m[2m | [22m
[32mspec-app-features-character-steps-attributes-attributes.js[39m               [2m | [22m[2mspec-app-features-character-steps-attributes-attributes[22m               [2m | [22m[36m963 bytes[39m[2m | [22m

[1m [22m                                                                        [2m | [22m[1mInitial total[22m                                                         [2m | [22m[1m984.20 kB[22m

[1mLazy chunk files[22m                                                         [2m | [22m[1mNames[22m                                                                 [2m | [22m [1mRaw size[22m
[32mchunk-FHNGJNK5.js[39m                                                        [2m | [22m[2mnpc-tables[22m                                                            [2m | [22m  [36m3.06 kB[39m[2m | [22m
[32mchunk-RQ5QXTHD.js[39m                                                        [2m | [22m[2mlife-events[22m                                                           [2m | [22m[36m446 bytes[39m[2m | [22m
[32mchunk-UXQGP62L.js[39m                                                        [2m | [22m[2mcharacter-model[22m                                                       [2m | [22m[36m164 bytes[39m[2m | [22m

Application bundle generation complete. [20.970 seconds] - 2026-02-11T17:50:01.911Z

node.exe : [1m[33m[33mÔû▓ 
[43;33m[[43;30mWARNING[43;33m][0m 
[1mDeprecation[0m [1m[35m[plugin 
angular-sass][0m
No linha:1 caractere:1
+ & "C:\Program Files\nodejs/node.exe" "C:\Program 
Files\nodejs/node_mo ...
+ ~~~~~~~~~~~~~~~~~~~~~~~~~~~~~~~~~~~~~~~~~~~~~~~~~
~~~~~~~~~~~~~~~~~~~~
    + CategoryInfo          : NotSpecified: ([1m 
   [33m[33mÔ...gular-sass][0m:String) [], Remot  
  eException
    + FullyQualifiedErrorId : NativeCommandError
 

    src/app/features/character/components/character
-sheet/character-sheet.component.scss:1:8:
[37m      1 Ôöé @import 
[32m[37m'../../../../../styles.scss';
        ÔòÁ         [32m^[0m


  Sass @import rules are deprecated and will be 
removed in Dart Sass 3.0.0.
  
  More info and automated migrator: 
[4mhttps://sass-lang.com/d/import[0m


[33mÔû▓ [43;33m[[43;30mWARNING[43;33m][0m 
[1mDeprecation[0m [1m[35m[plugin 
angular-sass][0m

    src/app/features/character/steps/identity/ident
ity.component.scss:1:8:
[37m      1 Ôöé @import 
[32m[37m'../../../../../styles.scss';
        ÔòÁ         [32m^[0m


  Sass @import rules are deprecated and will be 
removed in Dart Sass 3.0.0.
  
  More info and automated migrator: 
[4mhttps://sass-lang.com/d/import[0m


[33mÔû▓ [43;33m[[43;30mWARNING[43;33m][0m 
[1mDeprecation[0m [1m[35m[plugin 
angular-sass][0m

    src/app/features/character/steps/mustering-out/
mustering-out.component.scss:1:8:
[37m      1 Ôöé @import 
[32m[37m'../../../../../styles.scss';
        ÔòÁ         [32m^[0m


  Sass @import rules are deprecated and will be 
removed in Dart Sass 3.0.0.
  
  More info and automated migrator: 
[4mhttps://sass-lang.com/d/import[0m


[33mÔû▓ [43;33m[[43;30mWARNING[43;33m][0m 
[1mDeprecation[0m [1m[35m[plugin 
angular-sass][0m

    src/app/features/shared/step-header/step-header
.component.scss:1:8:
[37m      1 Ôöé @import 
[32m[37m'../../../../styles.scss';
        ÔòÁ         [32m^[0m


  Sass @import rules are deprecated and will be 
removed in Dart Sass 3.0.0.
  
  More info and automated migrator: 
[4mhttps://sass-lang.com/d/import[0m

[39m[22m

[1m[46m RUN [49m[22m [36mv4.0.18 [39m[90mC:/Projetos/TravellerArchitect[39m

 [31mÔØ»[39m [30m[43m traveller-architect-tool [49m[39m src/app/data/career-events.spec.ts [2m([22m[2m6 tests[22m[2m | [22m[31m1 failed[39m[2m)[22m[32m 60[2mms[22m[39m
[31m     [31m├ù[31m all 13 careers should have an eventTable with 11 entries[39m[32m 29[2mms[22m[39m
     [32mÔ£ô[39m rewritten careers should have typed effects arrays[32m 15[2mms[22m[39m
     [32mÔ£ô[39m Life Events table should have 11 entries with typed effects[32m 4[2mms[22m[39m
       [32mÔ£ô[39m Army roll 12 should have auto-promotion effect[32m 3[2mms[22m[39m
       [32mÔ£ô[39m Navy roll 7 should have life-event effect[32m 2[2mms[22m[39m
       [32mÔ£ô[39m Citizen roll 11 should have npc ally effect[32m 1[2mms[22m[39m
 [31mÔØ»[39m [30m[43m traveller-architect-tool [49m[39m src/app/data/life-events.spec.ts [2m([22m[2m38 tests[22m[2m | [22m[31m1 failed[39m[2m)[22m[32m 72[2mms[22m[39m
     [32mÔ£ô[39m should have 11 entries (2D6: 2-12)[32m 6[2mms[22m[39m
     [32mÔ£ô[39m should cover all 2D6 results from 2 to 12[32m 7[2mms[22m[39m
     [32mÔ£ô[39m should have unique roll values[32m 1[2mms[22m[39m
[31m     [31m├ù[31m each entry should have name, description, and effect[39m[32m 18[2mms[22m[39m
     [32mÔ£ô[39m roll 2 should be Sickness/Injury[32m 1[2mms[22m[39m
     [32mÔ£ô[39m roll 7 should be New Contact[32m 1[2mms[22m[39m
     [32mÔ£ô[39m roll 12 should be Unusual Event[32m 1[2mms[22m[39m
     [32mÔ£ô[39m should have 6 entries (1D6: 1-6)[32m 1[2mms[22m[39m
     [32mÔ£ô[39m should cover all 1D6 results from 1 to 6[32m 2[2mms[22m[39m
     [32mÔ£ô[39m roll 1 should be Nearly Killed[32m 2[2mms[22m[39m
     [32mÔ£ô[39m roll 6 should be Lightly Injured with no stat loss[32m 1[2mms[22m[39m
     [32mÔ£ô[39m roll 3 should involve Missing Eye or Limb[32m 1[2mms[22m[39m
     [32mÔ£ô[39m each entry should have name, description, and statLossFormula[32m 2[2mms[22m[39m
     [32mÔ£ô[39m should have 3 category entries[32m 1[2mms[22m[39m
     [32mÔ£ô[39m should cover military, independent, and other categories[32m 1[2mms[22m[39m
     [32mÔ£ô[39m all coverage percentages should be between 0 and 100[32m 2[2mms[22m[39m
     [32mÔ£ô[39m military careers should have 75% coverage for range 4-7[32m 1[2mms[22m[39m
     [32mÔ£ô[39m independent careers should have 0% coverage for range 4-7[32m 1[2mms[22m[39m
     [32mÔ£ô[39m other careers should have 50% coverage for range 4-7[32m 1[2mms[22m[39m
     [32mÔ£ô[39m should map all existing careers to a category[32m 3[2mms[22m[39m
     [32mÔ£ô[39m Army should be military[32m 0[2mms[22m[39m
     [32mÔ£ô[39m Navy should be military[32m 0[2mms[22m[39m
     [32mÔ£ô[39m Scout should be independent[32m 1[2mms[22m[39m
     [32mÔ£ô[39m Drifter should be independent[32m 0[2mms[22m[39m
     [32mÔ£ô[39m Merchant should be other[32m 0[2mms[22m[39m
     [32mÔ£ô[39m unknown career should default to other[32m 1[2mms[22m[39m
     [32mÔ£ô[39m Army with roll 3 (below 4) should get 0%[32m 1[2mms[22m[39m
     [32mÔ£ô[39m Army with roll 5 should get 75%[32m 1[2mms[22m[39m
     [32mÔ£ô[39m Army with roll 10 should get 100%[32m 1[2mms[22m[39m
     [32mÔ£ô[39m Scout with roll 5 should get 0%[32m 0[2mms[22m[39m
     [32mÔ£ô[39m Scout with roll 9 should get 50%[32m 0[2mms[22m[39m
     [32mÔ£ô[39m Citizen with roll 6 should get 50%[32m 0[2mms[22m[39m
     [32mÔ£ô[39m Citizen with roll 12 should get 100%[32m 0[2mms[22m[39m
     [32mÔ£ô[39m should calculate repair cost correctly[32m 1[2mms[22m[39m
     [32mÔ£ô[39m should calculate medical debt with full coverage[32m 1[2mms[22m[39m
     [32mÔ£ô[39m should calculate medical debt with partial coverage[32m 1[2mms[22m[39m
     [32mÔ£ô[39m should calculate medical debt with no coverage[32m 0[2mms[22m[39m
     [32mÔ£ô[39m medical costs constants should have correct values[32m 1[2mms[22m[39m
 [31mÔØ»[39m [30m[43m traveller-architect-tool [49m[39m src/app/data/careers.spec.ts [2m([22m[2m209 tests[22m[2m | [22m[31m9 failed[39m[2m)[22m[32m 199[2mms[22m[39m
[31m     [31m├ù[31m should have exactly 13 careers[39m[32m 31[2mms[22m[39m
     [32mÔ£ô[39m should contain all expected career names[32m 8[2mms[22m[39m
     [32mÔ£ô[39m should have no duplicate career names[32m 2[2mms[22m[39m
         [32mÔ£ô[39m should have exactly 6 personal skills[32m 1[2mms[22m[39m
         [32mÔ£ô[39m should have exactly 6 service skills[32m 1[2mms[22m[39m
         [32mÔ£ô[39m should have exactly 6 advanced education skills[32m 1[2mms[22m[39m
         [32mÔ£ô[39m assignment "Law Enforcement" should have exactly 6 skills[32m 1[2mms[22m[39m
         [32mÔ£ô[39m assignment "Intelligence" should have exactly 6 skills[32m 0[2mms[22m[39m
         [32mÔ£ô[39m assignment "Corporate" should have exactly 6 skills[32m 1[2mms[22m[39m
         [32mÔ£ô[39m should have exactly 6 personal skills[32m 1[2mms[22m[39m
         [32mÔ£ô[39m should have exactly 6 service skills[32m 1[2mms[22m[39m
         [32mÔ£ô[39m should have exactly 6 advanced education skills[32m 0[2mms[22m[39m
         [32mÔ£ô[39m should have exactly 6 officer skills[32m 0[2mms[22m[39m
         [32mÔ£ô[39m assignment "Support" should have exactly 6 skills[32m 0[2mms[22m[39m
         [32mÔ£ô[39m assignment "Infantry" should have exactly 6 skills[32m 0[2mms[22m[39m
         [32mÔ£ô[39m assignment "Cavalry" should have exactly 6 skills[32m 0[2mms[22m[39m
         [32mÔ£ô[39m should have exactly 6 personal skills[32m 0[2mms[22m[39m
         [32mÔ£ô[39m should have exactly 6 service skills[32m 0[2mms[22m[39m
         [32mÔ£ô[39m should have exactly 6 advanced education skills[32m 0[2mms[22m[39m
         [32mÔ£ô[39m assignment "Corporate" should have exactly 6 skills[32m 0[2mms[22m[39m
         [32mÔ£ô[39m assignment "Worker" should have exactly 6 skills[32m 0[2mms[22m[39m
         [32mÔ£ô[39m assignment "Colonist" should have exactly 6 skills[32m 0[2mms[22m[39m
         [32mÔ£ô[39m should have exactly 6 personal skills[32m 0[2mms[22m[39m
         [32mÔ£ô[39m should have exactly 6 service skills[32m 0[2mms[22m[39m
         [32mÔ£ô[39m assignment "Freelancer" should have exactly 6 skills[32m 0[2mms[22m[39m
         [32mÔ£ô[39m assignment "Wanderer" should have exactly 6 skills[32m 0[2mms[22m[39m
         [32mÔ£ô[39m assignment "Scavenger" should have exactly 6 skills[32m 0[2mms[22m[39m
         [32mÔ£ô[39m should have exactly 6 personal skills[32m 0[2mms[22m[39m
         [32mÔ£ô[39m should have exactly 6 service skills[32m 0[2mms[22m[39m
         [32mÔ£ô[39m should have exactly 6 advanced education skills[32m 0[2mms[22m[39m
         [32mÔ£ô[39m assignment "Artist" should have exactly 6 skills[32m 0[2mms[22m[39m
         [32mÔ£ô[39m assignment "Journalist" should have exactly 6 skills[32m 0[2mms[22m[39m
         [32mÔ£ô[39m assignment "Performer" should have exactly 6 skills[32m 0[2mms[22m[39m
         [32mÔ£ô[39m should have exactly 6 personal skills[32m 1[2mms[22m[39m
         [32mÔ£ô[39m should have exactly 6 service skills[32m 0[2mms[22m[39m
         [32mÔ£ô[39m should have exactly 6 advanced education skills[32m 0[2mms[22m[39m
         [32mÔ£ô[39m should have exactly 6 officer skills[32m 0[2mms[22m[39m
         [32mÔ£ô[39m assignment "Support" should have exactly 6 skills[32m 0[2mms[22m[39m
         [32mÔ£ô[39m assignment "Star Marine" should have exactly 6 skills[32m 0[2mms[22m[39m
         [32mÔ£ô[39m assignment "Ground Assault" should have exactly 6 skills[32m 0[2mms[22m[39m
         [32mÔ£ô[39m should have exactly 6 personal skills[32m 0[2mms[22m[39m
         [32mÔ£ô[39m should have exactly 6 service skills[32m 0[2mms[22m[39m
         [32mÔ£ô[39m should have exactly 6 advanced education skills[32m 0[2mms[22m[39m
         [32mÔ£ô[39m assignment "Merchant Marine" should have exactly 6 skills[32m 0[2mms[22m[39m
         [32mÔ£ô[39m assignment "Free Trader" should have exactly 6 skills[32m 0[2mms[22m[39m
         [32mÔ£ô[39m assignment "Broker" should have exactly 6 skills[32m 0[2mms[22m[39m
         [32mÔ£ô[39m should have exactly 6 personal skills[32m 0[2mms[22m[39m
         [32mÔ£ô[39m should have exactly 6 service skills[32m 1[2mms[22m[39m
         [32mÔ£ô[39m should have exactly 6 advanced education skills[32m 1[2mms[22m[39m
         [32mÔ£ô[39m should have exactly 6 officer skills[32m 1[2mms[22m[39m
         [32mÔ£ô[39m assignment "Line/Crew" should have exactly 6 skills[32m 0[2mms[22m[39m
         [32mÔ£ô[39m assignment "Engineer/Gunner" should have exactly 6 skills[32m 0[2mms[22m[39m
         [32mÔ£ô[39m assignment "Flight" should have exactly 6 skills[32m 0[2mms[22m[39m
         [32mÔ£ô[39m should have exactly 6 personal skills[32m 0[2mms[22m[39m
         [32mÔ£ô[39m should have exactly 6 service skills[32m 0[2mms[22m[39m
         [32mÔ£ô[39m should have exactly 6 advanced education skills[32m 0[2mms[22m[39m
         [32mÔ£ô[39m assignment "Administrator" should have exactly 6 skills[32m 0[2mms[22m[39m
         [32mÔ£ô[39m assignment "Diplomat" should have exactly 6 skills[32m 0[2mms[22m[39m
         [32mÔ£ô[39m assignment "Dilettante" should have exactly 6 skills[32m 0[2mms[22m[39m
         [32mÔ£ô[39m should have exactly 6 personal skills[32m 0[2mms[22m[39m
         [32mÔ£ô[39m should have exactly 6 service skills[32m 0[2mms[22m[39m
         [32mÔ£ô[39m should have exactly 6 advanced education skills[32m 0[2mms[22m[39m
         [32mÔ£ô[39m assignment "Thief" should have exactly 6 skills[32m 0[2mms[22m[39m
         [32mÔ£ô[39m assignment "Enforcer" should have exactly 6 skills[32m 0[2mms[22m[39m
         [32mÔ£ô[39m assignment "Pirate" should have exactly 6 skills[32m 0[2mms[22m[39m
         [32mÔ£ô[39m should have exactly 6 personal skills[32m 0[2mms[22m[39m
         [32mÔ£ô[39m should have exactly 6 service skills[32m 0[2mms[22m[39m
         [32mÔ£ô[39m should have exactly 6 advanced education skills[32m 0[2mms[22m[39m
         [32mÔ£ô[39m assignment "Field Researcher" should have exactly 6 skills[32m 0[2mms[22m[39m
         [32mÔ£ô[39m assignment "Scientist" should have exactly 6 skills[32m 0[2mms[22m[39m
         [32mÔ£ô[39m assignment "Physician" should have exactly 6 skills[32m 0[2mms[22m[39m
         [32mÔ£ô[39m should have exactly 6 personal skills[32m 0[2mms[22m[39m
         [32mÔ£ô[39m should have exactly 6 service skills[32m 1[2mms[22m[39m
         [32mÔ£ô[39m should have exactly 6 advanced education skills[32m 0[2mms[22m[39m
         [32mÔ£ô[39m assignment "Courier" should have exactly 6 skills[32m 0[2mms[22m[39m
         [32mÔ£ô[39m assignment "Surveyor" should have exactly 6 skills[32m 0[2mms[22m[39m
         [32mÔ£ô[39m assignment "Explorer" should have exactly 6 skills[32m 0[2mms[22m[39m
         [32mÔ£ô[39m should have exactly 6 personal skills[32m 0[2mms[22m[39m
         [32mÔ£ô[39m should have exactly 6 service skills[32m 0[2mms[22m[39m
         [32mÔ£ô[39m should have exactly 6 advanced education skills[32m 0[2mms[22m[39m
         [32mÔ£ô[39m assignment "Libertine" should have exactly 6 skills[32m 0[2mms[22m[39m
         [32mÔ£ô[39m assignment "Tinker" should have exactly 6 skills[32m 0[2mms[22m[39m
         [32mÔ£ô[39m assignment "Belter" should have exactly 6 skills[32m 0[2mms[22m[39m
         [32mÔ£ô[39m should have exactly 6 personal skills[32m 0[2mms[22m[39m
         [32mÔ£ô[39m should have exactly 6 service skills[32m 0[2mms[22m[39m
[31m         [31m├ù[31m should have exactly 6 advanced education skills[39m[32m 2[2mms[22m[39m
         [32mÔ£ô[39m assignment "Inmate" should have exactly 6 skills[32m 0[2mms[22m[39m
       [32mÔ£ô[39m Agent should have correct assignments[32m 1[2mms[22m[39m
       [32mÔ£ô[39m Army should have correct assignments[32m 1[2mms[22m[39m
       [32mÔ£ô[39m Citizen should have correct assignments[32m 1[2mms[22m[39m
       [32mÔ£ô[39m Drifter should have correct assignments[32m 1[2mms[22m[39m
       [32mÔ£ô[39m Entertainer should have correct assignments[32m 1[2mms[22m[39m
       [32mÔ£ô[39m Marine should have correct assignments[32m 1[2mms[22m[39m
       [32mÔ£ô[39m Merchant should have correct assignments[32m 1[2mms[22m[39m
       [32mÔ£ô[39m Navy should have correct assignments[32m 0[2mms[22m[39m
       [32mÔ£ô[39m Noble should have correct assignments[32m 1[2mms[22m[39m
       [32mÔ£ô[39m Rogue should have correct assignments[32m 1[2mms[22m[39m
       [32mÔ£ô[39m Scholar should have correct assignments[32m 4[2mms[22m[39m
       [32mÔ£ô[39m Scout should have correct assignments[32m 2[2mms[22m[39m
       [32mÔ£ô[39m Spaceborne should have correct assignments[32m 2[2mms[22m[39m
       [32mÔ£ô[39m Citizen should require EDU 10+ for advanced education[32m 1[2mms[22m[39m
       [32mÔ£ô[39m Entertainer should require EDU 10+ for advanced education[32m 0[2mms[22m[39m
[31m       [31m├ù[31m Rogue should require EDU 10+ for advanced education[39m[32m 6[2mms[22m[39m
[31m       [31m├ù[31m Scholar should require EDU 10+ for advanced education[39m[32m 3[2mms[22m[39m
       [32mÔ£ô[39m Agent should use default EDU 8+ (no advancedEducationMinEdu or undefined)[32m 2[2mms[22m[39m
       [32mÔ£ô[39m Army should use default EDU 8+ (no advancedEducationMinEdu or undefined)[32m 0[2mms[22m[39m
       [32mÔ£ô[39m Marine should use default EDU 8+ (no advancedEducationMinEdu or undefined)[32m 0[2mms[22m[39m
       [32mÔ£ô[39m Merchant should use default EDU 8+ (no advancedEducationMinEdu or undefined)[32m 0[2mms[22m[39m
       [32mÔ£ô[39m Navy should use default EDU 8+ (no advancedEducationMinEdu or undefined)[32m 1[2mms[22m[39m
       [32mÔ£ô[39m Noble should use default EDU 8+ (no advancedEducationMinEdu or undefined)[32m 1[2mms[22m[39m
       [32mÔ£ô[39m Scout should use default EDU 8+ (no advancedEducationMinEdu or undefined)[32m 0[2mms[22m[39m
       [32mÔ£ô[39m Spaceborne should use default EDU 8+ (no advancedEducationMinEdu or undefined)[32m 0[2mms[22m[39m
       [32mÔ£ô[39m Drifter should have empty advancedEducation array[32m 1[2mms[22m[39m
       [32mÔ£ô[39m Army should have officerSkills defined with 6 entries[32m 1[2mms[22m[39m
       [32mÔ£ô[39m Army should have officerRanks defined[32m 1[2mms[22m[39m
       [32mÔ£ô[39m Navy should have officerSkills defined with 6 entries[32m 1[2mms[22m[39m
       [32mÔ£ô[39m Navy should have officerRanks defined[32m 0[2mms[22m[39m
       [32mÔ£ô[39m Marine should have officerSkills defined with 6 entries[32m 0[2mms[22m[39m
       [32mÔ£ô[39m Marine should have officerRanks defined[32m 1[2mms[22m[39m
       [32mÔ£ô[39m Agent should have 7 cash entries[32m 1[2mms[22m[39m
       [32mÔ£ô[39m Agent should have 7 benefit entries[32m 1[2mms[22m[39m
       [32mÔ£ô[39m Army should have 7 cash entries[32m 0[2mms[22m[39m
       [32mÔ£ô[39m Army should have 7 benefit entries[32m 0[2mms[22m[39m
       [32mÔ£ô[39m Citizen should have 7 cash entries[32m 0[2mms[22m[39m
       [32mÔ£ô[39m Citizen should have 7 benefit entries[32m 0[2mms[22m[39m
       [32mÔ£ô[39m Drifter should have 7 cash entries[32m 0[2mms[22m[39m
       [32mÔ£ô[39m Drifter should have 7 benefit entries[32m 0[2mms[22m[39m
       [32mÔ£ô[39m Entertainer should have 7 cash entries[32m 0[2mms[22m[39m
       [32mÔ£ô[39m Entertainer should have 7 benefit entries[32m 0[2mms[22m[39m
       [32mÔ£ô[39m Marine should have 7 cash entries[32m 0[2mms[22m[39m
       [32mÔ£ô[39m Marine should have 7 benefit entries[32m 0[2mms[22m[39m
       [32mÔ£ô[39m Merchant should have 7 cash entries[32m 0[2mms[22m[39m
       [32mÔ£ô[39m Merchant should have 7 benefit entries[32m 0[2mms[22m[39m
       [32mÔ£ô[39m Navy should have 7 cash entries[32m 0[2mms[22m[39m
       [32mÔ£ô[39m Navy should have 7 benefit entries[32m 0[2mms[22m[39m
       [32mÔ£ô[39m Noble should have 7 cash entries[32m 0[2mms[22m[39m
       [32mÔ£ô[39m Noble should have 7 benefit entries[32m 0[2mms[22m[39m
       [32mÔ£ô[39m Rogue should have 7 cash entries[32m 1[2mms[22m[39m
       [32mÔ£ô[39m Rogue should have 7 benefit entries[32m 0[2mms[22m[39m
       [32mÔ£ô[39m Scholar should have 7 cash entries[32m 0[2mms[22m[39m
       [32mÔ£ô[39m Scholar should have 7 benefit entries[32m 0[2mms[22m[39m
       [32mÔ£ô[39m Scout should have 7 cash entries[32m 0[2mms[22m[39m
       [32mÔ£ô[39m Scout should have 7 benefit entries[32m 0[2mms[22m[39m
       [32mÔ£ô[39m Spaceborne should have 7 cash entries[32m 2[2mms[22m[39m
       [32mÔ£ô[39m Spaceborne should have 7 benefit entries[32m 0[2mms[22m[39m
       [32mÔ£ô[39m Prisoner should have 7 cash entries[32m 0[2mms[22m[39m
       [32mÔ£ô[39m Prisoner should have 7 benefit entries[32m 0[2mms[22m[39m
       [32mÔ£ô[39m Agent should have event table entries[32m 1[2mms[22m[39m
       [32mÔ£ô[39m Agent event table should include roll 7 (Life Event)[32m 2[2mms[22m[39m
       [32mÔ£ô[39m Agent should have mishap table entries[32m 1[2mms[22m[39m
       [32mÔ£ô[39m Army should have event table entries[32m 1[2mms[22m[39m
       [32mÔ£ô[39m Army event table should include roll 7 (Life Event)[32m 1[2mms[22m[39m
       [32mÔ£ô[39m Army should have mishap table entries[32m 0[2mms[22m[39m
       [32mÔ£ô[39m Citizen should have event table entries[32m 1[2mms[22m[39m
       [32mÔ£ô[39m Citizen event table should include roll 7 (Life Event)[32m 0[2mms[22m[39m
       [32mÔ£ô[39m Citizen should have mishap table entries[32m 1[2mms[22m[39m
       [32mÔ£ô[39m Drifter should have event table entries[32m 1[2mms[22m[39m
       [32mÔ£ô[39m Drifter event table should include roll 7 (Life Event)[32m 0[2mms[22m[39m
       [32mÔ£ô[39m Drifter should have mishap table entries[32m 0[2mms[22m[39m
       [32mÔ£ô[39m Entertainer should have event table entries[32m 0[2mms[22m[39m
       [32mÔ£ô[39m Entertainer event table should include roll 7 (Life Event)[32m 1[2mms[22m[39m
       [32mÔ£ô[39m Entertainer should have mishap table entries[32m 0[2mms[22m[39m
       [32mÔ£ô[39m Marine should have event table entries[32m 4[2mms[22m[39m
       [32mÔ£ô[39m Marine event table should include roll 7 (Life Event)[32m 1[2mms[22m[39m
       [32mÔ£ô[39m Marine should have mishap table entries[32m 0[2mms[22m[39m
       [32mÔ£ô[39m Merchant should have event table entries[32m 0[2mms[22m[39m
       [32mÔ£ô[39m Merchant event table should include roll 7 (Life Event)[32m 0[2mms[22m[39m
       [32mÔ£ô[39m Merchant should have mishap table entries[32m 0[2mms[22m[39m
       [32mÔ£ô[39m Navy should have event table entries[32m 0[2mms[22m[39m
       [32mÔ£ô[39m Navy event table should include roll 7 (Life Event)[32m 0[2mms[22m[39m
       [32mÔ£ô[39m Navy should have mishap table entries[32m 0[2mms[22m[39m
       [32mÔ£ô[39m Noble should have event table entries[32m 0[2mms[22m[39m
       [32mÔ£ô[39m Noble event table should include roll 7 (Life Event)[32m 0[2mms[22m[39m
       [32mÔ£ô[39m Noble should have mishap table entries[32m 1[2mms[22m[39m
       [32mÔ£ô[39m Rogue should have event table entries[32m 1[2mms[22m[39m
       [32mÔ£ô[39m Rogue event table should include roll 7 (Life Event)[32m 0[2mms[22m[39m
       [32mÔ£ô[39m Rogue should have mishap table entries[32m 0[2mms[22m[39m
       [32mÔ£ô[39m Scholar should have event table entries[32m 0[2mms[22m[39m
       [32mÔ£ô[39m Scholar event table should include roll 7 (Life Event)[32m 0[2mms[22m[39m
       [32mÔ£ô[39m Scholar should have mishap table entries[32m 0[2mms[22m[39m
       [32mÔ£ô[39m Scout should have event table entries[32m 1[2mms[22m[39m
       [32mÔ£ô[39m Scout event table should include roll 7 (Life Event)[32m 1[2mms[22m[39m
       [32mÔ£ô[39m Scout should have mishap table entries[32m 0[2mms[22m[39m
       [32mÔ£ô[39m Spaceborne should have event table entries[32m 0[2mms[22m[39m
       [32mÔ£ô[39m Spaceborne event table should include roll 7 (Life Event)[32m 0[2mms[22m[39m
       [32mÔ£ô[39m Spaceborne should have mishap table entries[32m 1[2mms[22m[39m
       [32mÔ£ô[39m Prisoner should have event table entries[32m 0[2mms[22m[39m
       [32mÔ£ô[39m Prisoner event table should include roll 7 (Life Event)[32m 0[2mms[22m[39m
       [32mÔ£ô[39m Prisoner should have mishap table entries[32m 0[2mms[22m[39m
       [32mÔ£ô[39m Army enlisted Rank 0 should grant Gun Combat (slug) 1[32m 1[2mms[22m[39m
       [32mÔ£ô[39m Army enlisted Rank 1 should grant Recon 1[32m 1[2mms[22m[39m
       [32mÔ£ô[39m Marine enlisted Rank 0 should grant Gun Combat (any) 1[32m 1[2mms[22m[39m
       [32mÔ£ô[39m Marine enlisted Rank 1 should grant Melee (blade) 1[32m 1[2mms[22m[39m
       [32mÔ£ô[39m Navy officer Rank 1 should grant Melee (blade) 1[32m 1[2mms[22m[39m
       [32mÔ£ô[39m Navy enlisted Rank 1 should grant Mechanic 1[32m 1[2mms[22m[39m
       [32mÔ£ô[39m Scout Rank 1 should grant Vacc Suit 1[32m 1[2mms[22m[39m
       [32mÔ£ô[39m Scout Rank 3 should grant Pilot 1[32m 1[2mms[22m[39m
       [32mÔ£ô[39m Agent Law Enforcement Rank 1 should grant Streetwise 1[32m 1[2mms[22m[39m
       [32mÔ£ô[39m Agent Intelligence Rank 1 should grant Deception 1[32m 1[2mms[22m[39m
[31m       [31m├ù[31m Rogue Pirate Rank 3 should grant Profession (belter) 1[39m[32m 6[2mms[22m[39m
[31m       [31m├ù[31m Spaceborne Belter Rank 1 should grant Jack-of-all-Trades 1[39m[32m 4[2mms[22m[39m
[31m       [31m├ù[31m Drifter Wanderer Rank 1 should grant Profession (any) 1[39m[32m 2[2mms[22m[39m
[31m       [31m├ù[31m Drifter Wanderer Rank 2 should grant Carouse 1[39m[32m 2[2mms[22m[39m
       [32mÔ£ô[39m Agent personalSkills[0] should be "Gun Combat (any)"[32m 1[2mms[22m[39m
       [32mÔ£ô[39m Army serviceSkills[0] should be "Drive (any)"[32m 1[2mms[22m[39m
       [32mÔ£ô[39m Navy personalSkills should be all stat bonuses[32m 1[2mms[22m[39m
       [32mÔ£ô[39m Drifter serviceSkills[1] should be "Melee (unarmed)"[32m 1[2mms[22m[39m
[31m       [31m├ù[31m Spaceborne serviceSkills[5] should be "Vacc Suit"[39m[32m 7[2mms[22m[39m
       [32mÔ£ô[39m Marine advancedEducation should include "Explosives"[32m 1[2mms[22m[39m
 [31mÔØ»[39m [30m[43m traveller-architect-tool [49m[39m src/app/core/services/npc-system.spec.ts [2m([22m[2m5 tests[22m[2m | [22m[31m1 failed[39m[2m)[22m[32m 57[2mms[22m[39m
     [32mÔ£ô[39m should add an NPC and log it to history[32m 20[2mms[22m[39m
[31m     [31m├ù[31m should convert an NPC type[39m[32m 23[2mms[22m[39m
     [32mÔ£ô[39m should not break if converting non-existent NPC type[32m 3[2mms[22m[39m
     [32mÔ£ô[39m should remove an NPC by ID[32m 4[2mms[22m[39m
     [32mÔ£ô[39m should track DM bonuses[32m 3[2mms[22m[39m
 [32mÔ£ô[39m [30m[43m traveller-architect-tool [49m[39m src/app/features/character/steps/career/career.spec.ts [2m([22m[2m1 test[22m[2m)[22m[32m 205[2mms[22m[39m
 [32mÔ£ô[39m [30m[43m traveller-architect-tool [49m[39m src/app/features/character/steps/mustering-out/mustering-out.spec.ts [2m([22m[2m1 test[22m[2m)[22m[32m 21[2mms[22m[39m
 [32mÔ£ô[39m [30m[43m traveller-architect-tool [49m[39m src/app/features/character/components/character-sheet/character-sheet.spec.ts [2m([22m[2m1 test[22m[2m)[22m[32m 204[2mms[22m[39m
 [31mÔØ»[39m [30m[43m traveller-architect-tool [49m[39m src/app/features/character/steps/career/life-events-logic.spec.ts [2m([22m[2m6 tests[22m[2m | [22m[31m6 failed[39m[2m)[22m[32m 80[2mms[22m[39m
[31m     [31m├ù[31m should trigger Life Event choice for Crime (Roll 11)[39m[32m 37[2mms[22m[39m
[31m     [31m├ù[31m choice of Prison should force Prisoner career and eject character[39m[32m 4[2mms[22m[39m
[31m     [31m├ù[31m choice of Lose Benefit should add benefit debt[39m[32m 3[2mms[22m[39m
[31m     [31m├ù[31m Unusual Event (Roll 1) should set Psionic Potential[39m[32m 2[2mms[22m[39m
[31m     [31m├ù[31m Good Fortune (Roll 10) should add benefit modifier[39m[32m 11[2mms[22m[39m
[31m     [31m├ù[31m Betrayal (Roll 8) should trigger NPC conversion choice[39m[32m 15[2mms[22m[39m
 [32mÔ£ô[39m [30m[43m traveller-architect-tool [49m[39m src/app/data/career-rules.spec.ts [2m([22m[2m22 tests[22m[2m)[22m[32m 123[2mms[22m[39m
 [32mÔ£ô[39m [30m[43m traveller-architect-tool [49m[39m src/app/features/shared/dice-roller/dice-roller.spec.ts [2m([22m[2m1 test[22m[2m)[22m[32m 26[2mms[22m[39m
 [32mÔ£ô[39m [30m[43m traveller-architect-tool [49m[39m src/app/features/character/steps/origin/origin.spec.ts [2m([22m[2m1 test[22m[2m)[22m[32m 36[2mms[22m[39m
 [32mÔ£ô[39m [30m[43m traveller-architect-tool [49m[39m src/app/core/services/skills-logic.spec.ts [2m([22m[2m12 tests[22m[2m)[22m[32m 18[2mms[22m[39m
 [32mÔ£ô[39m [30m[43m traveller-architect-tool [49m[39m src/app/features/shared/debug-floater/debug-floater.spec.ts [2m([22m[2m1 test[22m[2m)[22m[32m 28[2mms[22m[39m
 [32mÔ£ô[39m [30m[43m traveller-architect-tool [49m[39m src/app/features/character/steps/education/education.spec.ts [2m([22m[2m1 test[22m[2m)[22m[32m 162[2mms[22m[39m
 [32mÔ£ô[39m [30m[43m traveller-architect-tool [49m[39m src/app/app.spec.ts [2m([22m[2m2 tests[22m[2m)[22m[33m 728[2mms[22m[39m
     [33m[2mÔ£ô[22m[39m should create the app [33m 654[2mms[22m[39m
 [32mÔ£ô[39m [30m[43m traveller-architect-tool [49m[39m src/app/features/character/steps/attributes/attributes.spec.ts [2m([22m[2m1 test[22m[2m)[22m[33m 892[2mms[22m[39m
     [33m[2mÔ£ô[22m[39m should create [33m 888[2mms[22m[39m
 [32mÔ£ô[39m [30m[43m traveller-architect-tool [49m[39m src/app/features/character/character-wizard/character-wizard.spec.ts [2m([22m[2m1 test[22m[2m)[22m[33m 1168[2mms[22m[39m
     [33m[2mÔ£ô[22m[39m should create [33m 1163[2mms[22m[39m

[31mÔÄ»ÔÄ»ÔÄ»ÔÄ»ÔÄ»ÔÄ»[39m[1m[41m Failed Tests 
18 [49m[22m[31mÔÄ»ÔÄ»ÔÄ»ÔÄ»ÔÄ»ÔÄ»ÔÄ»[39m

[41m[1m FAIL [22m[49m [30m[43m 
traveller-architect-tool [49m[39m 
src/app/data/career-events.spec.ts[2m > 
[22mCareer Events Data Structure[2m > [22mall 
13 careers should have an eventTable with 11 
entries
[31m[1mAssertionError[22m: expected [ { name: 
'Agent', ÔÇª(11) }, ÔÇª(13) ] to have a length of 
13 but got 14[39m

[32m- Expected[39m
[31m+ Received[39m

[32m- 13[39m
[31m+ 14[39m

[36m [2mÔØ»[22m src/app/data/career-events.spec.
ts:[2m13:25[22m[39m
    [90m 11| [39m
    [90m 12| [39m    it('all 13 careers should 
have an eventTable with 11 entries', () ÔÇª
    [90m 13| [39m        [34mexpect[39m([33mCA
REERS[39m)[33m.[39m[34mtoHaveLength[39m([34m1
3[39m)[33m;[39m
    [90m   | [39m                        
[31m^[39m
    [90m 14| [39m        [33mCAREERS[39m[33m.
[39m[34mforEach[39m(career [33m=>[39m {
    [90m 15| [39m            
expect(career.eventTable, `${career.name} missing 
eventTabÔÇª

[31m[2mÔÄ»ÔÄ»ÔÄ»ÔÄ»ÔÄ»ÔÄ»ÔÄ»ÔÄ»ÔÄ»ÔÄ»ÔÄ»ÔÄ»ÔÄ»ÔÄ»
ÔÄ»ÔÄ»ÔÄ»ÔÄ»ÔÄ»ÔÄ»ÔÄ»ÔÄ»ÔÄ»[1/18]ÔÄ»[22m[39m

[41m[1m FAIL [22m[49m [30m[43m 
traveller-architect-tool [49m[39m 
src/app/data/careers.spec.ts[2m > [22mCareer 
Data Integrity[2m > [22mshould have exactly 13 
careers
[31m[1mAssertionError[22m: expected 14 to be 13 
// Object.is equality[39m

[32m- Expected[39m
[31m+ Received[39m

[32m- 13[39m
[31m+ 14[39m

[36m [2mÔØ»[22m 
src/app/data/careers.spec.ts:[2m31:32[22m[39m
    [90m 29| [39m
    [90m 30| [39m    [34mit[39m([32m'should 
have exactly 13 careers'[39m[33m,[39m () 
[33m=>[39m {
    [90m 31| [39m        [34mexpect[39m([33mCA
REERS[39m[33m.[39mlength)[33m.[39m[34mtoBe[3
9m([34m13[39m)[33m;[39m
    [90m   | [39m                               
[31m^[39m
    [90m 32| [39m    })[33m;[39m
    [90m 33| [39m

[31m[2mÔÄ»ÔÄ»ÔÄ»ÔÄ»ÔÄ»ÔÄ»ÔÄ»ÔÄ»ÔÄ»ÔÄ»ÔÄ»ÔÄ»ÔÄ»ÔÄ»
ÔÄ»ÔÄ»ÔÄ»ÔÄ»ÔÄ»ÔÄ»ÔÄ»ÔÄ»ÔÄ»[2/18]ÔÄ»[22m[39m

[41m[1m FAIL [22m[49m [30m[43m 
traveller-architect-tool [49m[39m 
src/app/data/careers.spec.ts[2m > [22mCareer 
Data Integrity[2m > [22mSkill Tables 
Structure[2m > [22mPrisoner[2m > [22mshould 
have exactly 6 advanced education skills
[31m[1mAssertionError[22m: expected +0 to be 6 
// Object.is equality[39m

[32m- Expected[39m
[31m+ Received[39m

[32m- 6[39m
[31m+ 0[39m

[36m [2mÔØ»[22m 
src/app/data/careers.spec.ts:[2m59:65[22m[39m
    [90m 57| [39m                [35mif[39m 
(career[33m.[39mname [33m!==[39m 
[32m'Drifter'[39m) {
    [90m 58| [39m                    it('should 
have exactly 6 advanced education skillÔÇª
    [90m 59| [39m                        
expect(career.advancedEducation.length).toBe(6ÔÇª
    [90m   | [39m                                
                                [31m^[39m
    [90m 60| [39m                    
})[33m;[39m
    [90m 61| [39m                }

[31m[2mÔÄ»ÔÄ»ÔÄ»ÔÄ»ÔÄ»ÔÄ»ÔÄ»ÔÄ»ÔÄ»ÔÄ»ÔÄ»ÔÄ»ÔÄ»ÔÄ»
ÔÄ»ÔÄ»ÔÄ»ÔÄ»ÔÄ»ÔÄ»ÔÄ»ÔÄ»ÔÄ»[3/18]ÔÄ»[22m[39m

[41m[1m FAIL [22m[49m [30m[43m 
traveller-architect-tool [49m[39m 
src/app/data/careers.spec.ts[2m > [22mCareer 
Data Integrity[2m > [22mAdvanced Education EDU 
Requirements[2m > [22mRogue should require EDU 
10+ for advanced education
[41m[1m FAIL [22m[49m [30m[43m 
traveller-architect-tool [49m[39m 
src/app/data/careers.spec.ts[2m > [22mCareer 
Data Integrity[2m > [22mAdvanced Education EDU 
Requirements[2m > [22mScholar should require EDU 
10+ for advanced education
[31m[1mAssertionError[22m: expected undefined 
to be 10 // Object.is equality[39m

[32m- Expected:[39m 
10

[31m+ Received:[39m 
undefined

[36m [2mÔØ»[22m 
src/app/data/careers.spec.ts:[2m95:57[22m[39m
    [90m 93| [39m                const career = 
CAREERS.find(c => c.name === careerNameÔÇª
    [90m 94| [39m                [34mexpect[39m
(career)[33m.[39m[34mtoBeDefined[39m()[33m;[3
9m
    [90m 95| [39m                [34mexpect[39m
(career[33m![39m[33m.[39madvancedEducationMinEd
u)[33m.[39m[34mtoBe[39m([34m10[39m)[33m;[39
m
    [90m   | [39m                                
                        [31m^[39m
    [90m 96| [39m            })[33m;[39m
    [90m 97| [39m        }

[31m[2mÔÄ»ÔÄ»ÔÄ»ÔÄ»ÔÄ»ÔÄ»ÔÄ»ÔÄ»ÔÄ»ÔÄ»ÔÄ»ÔÄ»ÔÄ»ÔÄ»
ÔÄ»ÔÄ»ÔÄ»ÔÄ»ÔÄ»ÔÄ»ÔÄ»ÔÄ»ÔÄ»[4/18]ÔÄ»[22m[39m

[41m[1m FAIL [22m[49m [30m[43m 
traveller-architect-tool [49m[39m 
src/app/data/careers.spec.ts[2m > [22mCareer 
Data Integrity[2m > [22mSpecific Rank Bonuses 
Validation[2m > [22mRogue Pirate Rank 3 should 
grant Profession (belter) 1
[31m[1mAssertionError[22m: expected 'Profession 
(Belter)' to be 'Profession (belter)' // Object.is 
equality[39m

Expected: [32m"Profession ([7mb[27melter)"[39m
Received: [31m"Profession ([7mB[27melter)"[39m

[36m [2mÔØ»[22m 
src/app/data/careers.spec.ts:[2m260:39[22m[39m
    [90m258| [39m            const pirate = 
rogue.assignments.find(a => a.name === 'PirÔÇª
    [90m259| [39m            [35mconst[39m 
rank3 [33m=[39m 
pirate[33m.[39mranks[33m.[39m[34mfind[39m(r 
[33m=>[39m r[33m.[39mlevel [33m===[39m 
[34m3[39m)[33m;[39m
    [90m260| [39m            [34mexpect[39m(ran
k3[33m![39m[33m.[39mbonusSkill)[33m.[39m[34m
toBe[39m([32m'Profession 
(belter)'[39m)[33m;[39m
    [90m   | [39m                                
      [31m^[39m
    [90m261| [39m        })[33m;[39m
    [90m262| [39m

[31m[2mÔÄ»ÔÄ»ÔÄ»ÔÄ»ÔÄ»ÔÄ»ÔÄ»ÔÄ»ÔÄ»ÔÄ»ÔÄ»ÔÄ»ÔÄ»ÔÄ»
ÔÄ»ÔÄ»ÔÄ»ÔÄ»ÔÄ»ÔÄ»ÔÄ»ÔÄ»ÔÄ»[5/18]ÔÄ»[22m[39m

[41m[1m FAIL [22m[49m [30m[43m 
traveller-architect-tool [49m[39m 
src/app/data/careers.spec.ts[2m > [22mCareer 
Data Integrity[2m > [22mSpecific Rank Bonuses 
Validation[2m > [22mSpaceborne Belter Rank 1 
should grant Jack-of-all-Trades 1
[31m[1mAssertionError[22m: expected 'Vacc Suit' 
to be 'Jack-of-all-Trades' // Object.is 
equality[39m

Expected: 
[32m"[7mJ[27mac[7mk-of-all-Trades[27m"[39m
Received: [31m"[7mV[27mac[7mc Suit[27m"[39m

[36m [2mÔØ»[22m 
src/app/data/careers.spec.ts:[2m268:39[22m[39m
    [90m266| [39m            const belter = 
spaceborne.assignments.find(a => a.name ===ÔÇª
    [90m267| [39m            [35mconst[39m 
rank1 [33m=[39m 
belter[33m.[39mranks[33m.[39m[34mfind[39m(r 
[33m=>[39m r[33m.[39mlevel [33m===[39m 
[34m1[39m)[33m;[39m
    [90m268| [39m            [34mexpect[39m(ran
k1[33m![39m[33m.[39mbonusSkill)[33m.[39m[34m
toBe[39m([32m'Jack-of-all-Trades'[39m)[33m;[39
m
    [90m   | [39m                                
      [31m^[39m
    [90m269| [39m        })[33m;[39m
    [90m270| [39m

[31m[2mÔÄ»ÔÄ»ÔÄ»ÔÄ»ÔÄ»ÔÄ»ÔÄ»ÔÄ»ÔÄ»ÔÄ»ÔÄ»ÔÄ»ÔÄ»ÔÄ»
ÔÄ»ÔÄ»ÔÄ»ÔÄ»ÔÄ»ÔÄ»ÔÄ»ÔÄ»ÔÄ»[6/18]ÔÄ»[22m[39m

[41m[1m FAIL [22m[49m [30m[43m 
traveller-architect-tool [49m[39m 
src/app/data/careers.spec.ts[2m > [22mCareer 
Data Integrity[2m > [22mSpecific Rank Bonuses 
Validation[2m > [22mDrifter Wanderer Rank 1 
should grant Profession (any) 1
[31m[1mAssertionError[22m: expected undefined 
to be 'Profession (any)' // Object.is equality[39m

[32m- Expected:[39m 
"Profession (any)"

[31m+ Received:[39m 
undefined

[36m [2mÔØ»[22m 
src/app/data/careers.spec.ts:[2m276:39[22m[39m
    [90m274| [39m            const wanderer = 
drifter.assignments.find(a => a.name === ÔÇª
    [90m275| [39m            [35mconst[39m 
rank1 [33m=[39m wanderer[33m.[39mranks[33m.[3
9m[34mfind[39m(r [33m=>[39m r[33m.[39mlevel 
[33m===[39m [34m1[39m)[33m;[39m
    [90m276| [39m            [34mexpect[39m(ran
k1[33m![39m[33m.[39mbonusSkill)[33m.[39m[34m
toBe[39m([32m'Profession (any)'[39m)[33m;[39m
    [90m   | [39m                                
      [31m^[39m
    [90m277| [39m        })[33m;[39m
    [90m278| [39m

[31m[2mÔÄ»ÔÄ»ÔÄ»ÔÄ»ÔÄ»ÔÄ»ÔÄ»ÔÄ»ÔÄ»ÔÄ»ÔÄ»ÔÄ»ÔÄ»ÔÄ»
ÔÄ»ÔÄ»ÔÄ»ÔÄ»ÔÄ»ÔÄ»ÔÄ»ÔÄ»ÔÄ»[7/18]ÔÄ»[22m[39m

[41m[1m FAIL [22m[49m [30m[43m 
traveller-architect-tool [49m[39m 
src/app/data/careers.spec.ts[2m > [22mCareer 
Data Integrity[2m > [22mSpecific Rank Bonuses 
Validation[2m > [22mDrifter Wanderer Rank 2 
should grant Carouse 1
[31m[1mAssertionError[22m: expected undefined 
to be 'Carouse' // Object.is equality[39m

[32m- Expected:[39m 
"Carouse"

[31m+ Received:[39m 
undefined

[36m [2mÔØ»[22m 
src/app/data/careers.spec.ts:[2m283:39[22m[39m
    [90m281| [39m            const wanderer = 
drifter.assignments.find(a => a.name === ÔÇª
    [90m282| [39m            [35mconst[39m 
rank2 [33m=[39m wanderer[33m.[39mranks[33m.[3
9m[34mfind[39m(r [33m=>[39m r[33m.[39mlevel 
[33m===[39m [34m2[39m)[33m;[39m
    [90m283| [39m            [34mexpect[39m(ran
k2[33m![39m[33m.[39mbonusSkill)[33m.[39m[34m
toBe[39m([32m'Carouse'[39m)[33m;[39m
    [90m   | [39m                                
      [31m^[39m
    [90m284| [39m        })[33m;[39m
    [90m285| [39m    })[33m;[39m

[31m[2mÔÄ»ÔÄ»ÔÄ»ÔÄ»ÔÄ»ÔÄ»ÔÄ»ÔÄ»ÔÄ»ÔÄ»ÔÄ»ÔÄ»ÔÄ»ÔÄ»
ÔÄ»ÔÄ»ÔÄ»ÔÄ»ÔÄ»ÔÄ»ÔÄ»ÔÄ»ÔÄ»[8/18]ÔÄ»[22m[39m

[41m[1m FAIL [22m[49m [30m[43m 
traveller-architect-tool [49m[39m 
src/app/data/careers.spec.ts[2m > [22mCareer 
Data Integrity[2m > [22mSpecific Skill Table 
Spot Checks[2m > [22mSpaceborne serviceSkills[5] 
should be "Vacc Suit"
[31m[1mAssertionError[22m: expected 
'Streetwise' to be 'Vacc Suit' // Object.is 
equality[39m

Expected: [32m"Vacc Suit"[39m
Received: [31m"Streetwise"[39m

[36m [2mÔØ»[22m 
src/app/data/careers.spec.ts:[2m315:49[22m[39m
    [90m313| [39m        
[34mit[39m([32m'Spaceborne serviceSkills[5] 
should be "Vacc Suit"'[39m[33m,[39m () 
[33m=>[39m {
    [90m314| [39m            const spaceborne = 
CAREERS.find(c => c.name === 'SpacebornÔÇª
    [90m315| [39m            [34mexpect[39m(spa
ceborne[33m.[39mserviceSkills[[34m5[39m])[33m.
[39m[34mtoBe[39m([32m'Vacc 
Suit'[39m)[33m;[39m
    [90m   | [39m                                
                [31m^[39m
    [90m316| [39m        })[33m;[39m
    [90m317| [39m

[31m[2mÔÄ»ÔÄ»ÔÄ»ÔÄ»ÔÄ»ÔÄ»ÔÄ»ÔÄ»ÔÄ»ÔÄ»ÔÄ»ÔÄ»ÔÄ»ÔÄ»
ÔÄ»ÔÄ»ÔÄ»ÔÄ»ÔÄ»ÔÄ»ÔÄ»ÔÄ»ÔÄ»[9/18]ÔÄ»[22m[39m

[41m[1m FAIL [22m[49m [30m[43m 
traveller-architect-tool [49m[39m 
src/app/data/life-events.spec.ts[2m > [22mLife 
Events Table[2m > [22meach entry should have 
name, description, and effect
[31m[1mAssertionError[22m: expected undefined 
to be truthy[39m

[32m- Expected:[39m 
true

[31m+ Received:[39m 
undefined

[36m [2mÔØ»[22m src/app/data/life-events.spec.ts
:[2m35:34[22m[39m
    [90m 33| [39m            [34mexpect[39m(eve
nt[33m.[39mname)[33m.[39m[34mtoBeTruthy[39m()
[33m;[39m
    [90m 34| [39m            [34mexpect[39m(eve
nt[33m.[39mdescription)[33m.[39m[34mtoBeTruthy
[39m()[33m;[39m
    [90m 35| [39m            [34mexpect[39m(eve
nt[33m.[39meffect)[33m.[39m[34mtoBeTruthy[39m
()[33m;[39m
    [90m   | [39m                                
 [31m^[39m
    [90m 36| [39m        }
    [90m 37| [39m    })[33m;[39m

[31m[2mÔÄ»ÔÄ»ÔÄ»ÔÄ»ÔÄ»ÔÄ»ÔÄ»ÔÄ»ÔÄ»ÔÄ»ÔÄ»ÔÄ»ÔÄ»ÔÄ»
ÔÄ»ÔÄ»ÔÄ»ÔÄ»ÔÄ»ÔÄ»ÔÄ»ÔÄ»[10/18]ÔÄ»[22m[39m

[41m[1m FAIL [22m[49m [30m[43m 
traveller-architect-tool [49m[39m 
src/app/core/services/npc-system.spec.ts[2m > 
[22mNPC Relationship System[2m > [22mshould 
convert an NPC type
[31m[1mAssertionError[22m: expected 'contact' 
to be 'rival' // Object.is equality[39m

Expected: [32m"rival"[39m
Received: [31m"contact"[39m

[36m [2mÔØ»[22m src/app/core/services/npc-system
.spec.ts:[2m44:35[22m[39m
    [90m 42| [39m
    [90m 43| [39m        [35mconst[39m char 
[33m=[39m 
service[33m.[39m[34mcharacter[39m()[33m;[39m
    [90m 44| [39m        [34mexpect[39m(char[3
3m.[39mnpcs[[34m0[39m][33m.[39mtype)[33m.[39
m[34mtoBe[39m([32m'rival'[39m)[33m;[39m
    [90m   | [39m                                
  [31m^[39m
    [90m 45| [39m        
expect(char.history).toContain('**NPC Changed**: 
Test NPC convÔÇª
    [90m 46| [39m    })[33m;[39m

[31m[2mÔÄ»ÔÄ»ÔÄ»ÔÄ»ÔÄ»ÔÄ»ÔÄ»ÔÄ»ÔÄ»ÔÄ»ÔÄ»ÔÄ»ÔÄ»ÔÄ»
ÔÄ»ÔÄ»ÔÄ»ÔÄ»ÔÄ»ÔÄ»ÔÄ»ÔÄ»[11/18]ÔÄ»[22m[39m

[41m[1m FAIL [22m[49m [30m[43m 
traveller-architect-tool [49m[39m src/app/feature
s/character/steps/career/life-events-logic.spec.ts
[2m > [22mCareerComponent - Life Events Logic 
(2300AD)[2m > [22mshould trigger Life Event 
choice for Crime (Roll 11)
[41m[1m FAIL [22m[49m [30m[43m 
traveller-architect-tool [49m[39m src/app/feature
s/character/steps/career/life-events-logic.spec.ts
[2m > [22mCareerComponent - Life Events Logic 
(2300AD)[2m > [22mchoice of Prison should force 
Prisoner career and eject character
[41m[1m FAIL [22m[49m [30m[43m 
traveller-architect-tool [49m[39m src/app/feature
s/character/steps/career/life-events-logic.spec.ts
[2m > [22mCareerComponent - Life Events Logic 
(2300AD)[2m > [22mchoice of Lose Benefit should 
add benefit debt
[41m[1m FAIL [22m[49m [30m[43m 
traveller-architect-tool [49m[39m src/app/feature
s/character/steps/career/life-events-logic.spec.ts
[2m > [22mCareerComponent - Life Events Logic 
(2300AD)[2m > [22mUnusual Event (Roll 1) should 
set Psionic Potential
[41m[1m FAIL [22m[49m [30m[43m 
traveller-architect-tool [49m[39m src/app/feature
s/character/steps/career/life-events-logic.spec.ts
[2m > [22mCareerComponent - Life Events Logic 
(2300AD)[2m > [22mGood Fortune (Roll 10) should 
add benefit modifier
[41m[1m FAIL [22m[49m [30m[43m 
traveller-architect-tool [49m[39m src/app/feature
s/character/steps/career/life-events-logic.spec.ts
[2m > [22mCareerComponent - Life Events Logic 
(2300AD)[2m > [22mBetrayal (Roll 8) should 
trigger NPC conversion choice
[31m[1mError[22m: NG0203: The 
`_CharacterService` token injection failed. 
`inject()` function must be called from an 
injection context such as a constructor, a factory 
function, a field initializer, or a function used 
with `runInInjectionContext`. Find more at 
https://v21.angular.dev/errors/NG0203[39m
[90m [2mÔØ»[22m injectInjectorOnly node_modules/
@angular/core/fesm2022/_untracked-chunk.mjs:[2m665
:11[22m[39m
[90m [2mÔØ»[22m ╔Á╔Áinject node_modules/@angular
/core/fesm2022/_untracked-chunk.mjs:[2m682:59[22m
[39m
[90m [2mÔØ»[22m inject node_modules/@angular/cor
e/fesm2022/_untracked-chunk.mjs:[2m691:10[22m[39
m
[90m [2mÔØ»[22m 
_CareerComponent.<instance_members_initializer> src
/app/features/character/steps/career/career.compone
nt.ts:[2m24:34[22m[39m
[90m [2mÔØ»[22m new _CareerComponent src/app/fea
tures/character/steps/career/career.component.ts:[
2m117:5[22m[39m
[36m [2mÔØ»[22m src/app/features/character/steps
/career/life-events-logic.spec.ts:[2m38:21[22m[3
9m
    [90m 36| [39m        [90m// Use 
runInInjectionContext or manual instantiation with 
mocks[39m
    [90m 37| [39m        [90m// For simplicity 
in this logic test, we inject mocks manually[39m
    [90m 38| [39m        component [33m=[39m 
[35mnew[39m ([33mCareerComponent[39m 
[35mas[39m any)()[33m;[39m
    [90m   | [39m                    [31m^[39m
    [90m 39| [39m        (component [35mas[39m 
any)[33m.[39mcharacterService [33m=[39m 
characterService[33m;[39m
    [90m 40| [39m        (component [35mas[39m 
any)[33m.[39mdiceDisplay [33m=[39m {

[31m[2mÔÄ»ÔÄ»ÔÄ»ÔÄ»ÔÄ»ÔÄ»ÔÄ»ÔÄ»ÔÄ»ÔÄ»ÔÄ»ÔÄ»ÔÄ»ÔÄ»
ÔÄ»ÔÄ»ÔÄ»ÔÄ»ÔÄ»ÔÄ»ÔÄ»ÔÄ»[12/18]ÔÄ»[22m[39m


[2m Test Files [22m [1m[31m5 failed[39m[22m[2m | [22m[1m[32m12 passed[39m[22m[90m (17)[39m
[2m      Tests [22m [1m[31m18 failed[39m[22m[2m | [22m[1m[32m291 passed[39m[22m[90m (309)[39m
[2m   Start at [22m 14:50:03
[2m   Duration [22m 13.85s[2m (transform 7.26s, setup 22.59s, import 11.51s, tests 4.08s, environment 98.51s)[22m

